random seed: 1234

--- Failure --------------------------------------------------------------------

Test should_fail_sort_id failed (9 shrink steps):

[1; 0]

=== Error ======================================================================

Test should_error_raise_exn errored on (1 shrink steps):

0

exception Dune__exe__QCheck2_expect_test.Overall.Error


+++ Collect ++++++++++++++++++++++++++++++++++++++++++++++++++++++++++++++++++++

Collect results for test collect_results:

4: 20 cases
3: 25 cases
2: 17 cases
1: 18 cases
0: 20 cases

+++ Stats for with_stats ++++++++++++++++++++++++++++++++++++++++++++++++++++++++

stats mod4:
  num: 100, avg: 1.68, stddev: 1.09, median 2, min 0, max 3
  0: ##############################                                   17
  1: ###################################################              29
  2: ########################################                         23
  3: #######################################################          31

stats num:
  num: 100, avg: 66.84, stddev: 31.94, median 65, min 2, max 120
    2..  7: ##################                                                3
    8.. 13: ##################                                                3
   14.. 19:                                                                   0
   20.. 25: ##########################################                        7
   26.. 31: ########################                                          4
   32.. 37: ########################                                          4
   38.. 43: ##################                                                3
   44.. 49: ################################################                  8
   50.. 55: ####################################                              6
   56.. 61: ####################################                              6
   62.. 67: #######################################################           9
   68.. 73: ##########################################                        7
   74.. 79: ########################                                          4
   80.. 85: ##################                                                3
   86.. 91: ############                                                      2
   92.. 97: ##########################################                        7
   98..103: ####################################                              6
  104..109: ####################################                              6
  110..115: #######################################################           9
  116..121: ##################                                                3

!!! Warning !!!!!!!!!!!!!!!!!!!!!!!!!!!!!!!!!!!!!!!!!!!!!!!!!!!!!!!!!!!!!!!!!!!!

Warning for test WARN_unlikely_precond:

WARNING: only 0.7% tests (of 2000) passed precondition for "WARN_unlikely_precond"

NOTE: it is likely that the precondition is too strong, or that the generator is buggy.

--- Failure --------------------------------------------------------------------

Test FAIL_unlikely_precond failed:

ERROR: only 0.7% tests (of 2000) passed precondition for "FAIL_unlikely_precond"

NOTE: it is likely that the precondition is too strong, or that the generator is buggy.


--- Failure --------------------------------------------------------------------

Test char never produces '\255' failed (0 shrink steps):

'\255'

--- Failure --------------------------------------------------------------------

Test FAIL_pred_map_commute failed (16 shrink steps):

([2], {_ -> 0}, {1 -> false; 2 -> true; _ -> false})

--- Failure --------------------------------------------------------------------

Test FAIL_fun2_pred_strings failed (1 shrink steps):

{"some random string" -> true; _ -> false}

--- Failure --------------------------------------------------------------------

Test fold_left fold_right failed (22 shrink steps):

(0, [1], {(1, 0) -> 1; (8, 0) -> 0; (8, 8) -> 0; (8, 93) -> 0; (7, 7) -> 0; (24, 5) -> 0; (7, 0) -> 0; (0, 2) -> 0; (2, 4) -> 0; (9, 8) -> 0; (4, 9) -> 0; (1, 24) -> 0; (9, 5) -> 0; (80, 9) -> 0; (24, 0) -> 0; (1, 8) -> 0; (5, 7) -> 0; (0, 7) -> 0; (7, 8) -> 0; (0, 24) -> 0; _ -> 0})

+++ Messages ++++++++++++++++++++++++++++++++++++++++++++++++++++++++++++++++++++

Messages for test fold_left fold_right:

l=[1], fold_left=1, fold_right=0


--- Failure --------------------------------------------------------------------

Test fold_left fold_right uncurried failed (325 shrink steps):

({(23, 62) -> 0; (9, 42) -> 0; (8, 61) -> 0; (8, 5) -> 0; (30, 5) -> 0; (9, 6) -> 0; (76, 6) -> 0; (19, 31) -> 0; (7, 62) -> 0; (0, 7) -> 1; (7, 1) -> 0; (78, 4) -> 0; (8, 2) -> 0; (78, 0) -> 0; (3, 47) -> 0; (4, 8) -> 0; (98, 9) -> 0; (1, 38) -> 0; (0, 26) -> 0; (1, 7) -> 0; (86, 3) -> 0; (9, 37) -> 0; (8, 1) -> 0; (79, 9) -> 0; (3, 5) -> 0; (56, 8) -> 0; (2, 5) -> 0; (8, 8) -> 0; (56, 67) -> 0; (5, 60) -> 0; (2, 31) -> 0; (61, 6) -> 0; (12, 5) -> 0; (76, 2) -> 0; (78, 8) -> 0; (1, 1) -> 0; (8, 9) -> 0; (7, 8) -> 0; (2, 9) -> 0; (29, 7) -> 0; (5, 8) -> 0; (28, 6) -> 0; (1, 4) -> 0; (9, 79) -> 0; (0, 1) -> 0; (1, 41) -> 0; (82, 98) -> 0; (6, 79) -> 0; (7, 6) -> 0; (4, 3) -> 0; (8, 12) -> 0; (5, 1) -> 0; (39, 1) -> 0; (3, 6) -> 0; (1, 2) -> 0; (76, 31) -> 0; (4, 1) -> 0; (6, 5) -> 0; (0, 8) -> 0; (8, 7) -> 0; (2, 6) -> 0; (52, 5) -> 0; (8, 47) -> 0; (5, 3) -> 0; (7, 9) -> 0; (13, 13) -> 0; (0, 87) -> 0; (82, 0) -> 0; (34, 8) -> 0; (1, 14) -> 0; (2, 71) -> 0; (52, 4) -> 0; (1, 3) -> 0; (85, 6) -> 0; (8, 19) -> 0; (3, 13) -> 0; (69, 1) -> 0; (5, 62) -> 0; (0, 15) -> 0; (34, 0) -> 0; (9, 4) -> 0; (0, 6) -> 0; (1, 8) -> 0; (86, 6) -> 0; (4, 5) -> 0; (3, 1) -> 0; (57, 2) -> 0; (3, 3) -> 0; (4, 0) -> 0; (30, 6) -> 0; (5, 34) -> 0; (0, 4) -> 0; (2, 3) -> 0; (5, 6) -> 0; (5, 7) -> 0; (5, 0) -> 0; (4, 4) -> 0; (7, 5) -> 0; (78, 2) -> 0; (9, 8) -> 0; (7, 70) -> 0; (35, 1) -> 0; (64, 7) -> 0; (60, 0) -> 0; (1, 9) -> 0; _ -> 0}, 0, [0; 0; 0; 0; 0; 0; 0; 0; 0; 0; 0; 0; 0; 0; 0; 0; 0; 0; 0; 0; 0; 0; 0; 0; 0; 0; 0; 0; 0; 0; 0; 0; 0; 0; 0; 0; 0; 0; 0; 0; 0; 0; 0; 0; 0; 0; 0; 0; 0; 0; 0; 0; 0; 0; 0; 0; 0; 0; 0; 0; 0; 0; 0; 0; 0; 0; 0; 0; 0; 0; 0; 0; 0; 0; 0; 0; 0; 0; 0; 0; 0; 0; 0; 0; 0; 0; 0; 0; 0; 0; 0; 0; 0; 0; 0; 0; 0; 0; 0; 0; 0; 0; 0; 0; 0; 0; 0; 0; 0; 0; 0; 0; 0; 0; 0; 0; 0; 0; 0; 0; 0; 0; 0; 0; 0; 0; 0; 0; 0; 0; 0; 0; 0; 0; 0; 0; 0; 0; 0; 0; 0; 0; 0; 0; 0; 0; 0; 0; 0; 0; 0; 0; 0; 0; 0; 0; 0; 0; 0; 0; 0; 0; 0; 0; 0; 0; 0; 0; 0; 0; 0; 0; 0; 0; 0; 0; 0; 0; 0; 0; 0; 0; 0; 0; 0; 0; 0; 0; 0; 0; 0; 0; 0; 0; 0; 0; 0; 0; 0; 0; 0; 0; 0; 0; 0; 0; 0; 0; 0; 0; 0; 0; 0; 0; 0; 0; 0; 0; 0; 0; 0; 0; 0; 0; 0; 0; 0; 0; 0; 0; 0; 0; 0; 0; 7])

--- Failure --------------------------------------------------------------------

Test fold_left fold_right uncurried fun last failed (25 shrink steps):

(0, [1], {(0, 2) -> 0; (8, 80) -> 0; (93, 9) -> 0; (7, 24) -> 0; (8, 0) -> 0; (9, 7) -> 0; (0, 24) -> 0; (0, 7) -> 0; (7, 1) -> 0; (8, 9) -> 0; (24, 0) -> 0; (5, 8) -> 0; (1, 0) -> 1; (4, 8) -> 0; (7, 0) -> 0; (5, 7) -> 0; (8, 4) -> 0; (24, 5) -> 0; (0, 1) -> 0; (2, 8) -> 0; (9, 1) -> 0; (8, 8) -> 0; _ -> 0})

--- Failure --------------------------------------------------------------------

Test big bound issue59 failed (0 shrink steps):

4611686018427387903

--- Failure --------------------------------------------------------------------

Test long_shrink failed (3040 shrink steps):

([0; 0; 0; 0; 0; 0; 0; 0; 0; 0; 0; 0; 0; 0; 0; 0; 0; 0; 0; 0; 0; 0; 0; 0; 0; 0; 0; 0; 0; 0; 0; 0; 0; 0; 0; 0; 0; 0; 0; 0; 0; 0; 0; 0; 0; 0; 0; 0; 0; 0; 0; 0; 0; 0; 0; 0; 0; 0; 0; 0; 0; 0; 0; 0; 0; 0; 0; 0; 0; 0; 0; 0; 0; 0; 0; 0; 0; 0; 0; 0; 0; 0; 0; 0; 0; 0; 0; 0; 0; 0; 0; 0; 0; 0; 0; 0; 0; 0; 0; 0; 0; 0; 0; 0; 0; 0; 0; 0; 0; 0; 0; 0; 0; 0; 0; 0; 0; 0; 0; 0; 0; 0; 0; 0; 0; 0; 0; 0; 0; 0; 0; 0; 0; 0; 0; 0; 0; 0; 0; 0; 0; 0; 0; 0; 0; 0; 0; 0; 0; 0; 0; 0; 0; 0; 0; 0; 0; 0; 0; 0; 0; 0; 0; 0; 0; 0; 0; 0; 0; 0; 0; 0; 0; 0; 0; 0; 0; 0; 0; 0; 0; 0; 0; 0; 0; 0; 0; 0; 0; 0; 0; 0; 0; 0; 0; 0; 0; 0; 0; 0; 0; 0; 0; 0; 0; 0; 0; 0; 0; 0; 0; 0; 0; 0; 0; 0; 0; 0; 0; 0; 0; 0; 0; 0; 0; 0; 0; 0; 0; 0; 0; 0; 0; 0; 0; 0; 0; 0; 0; 0; 0; 0; 0; 0; 0; 0; 0; 0; 0; 0; 0; 0; 0; 0; 0; 0; 0; 0; 0; 0; 0; 0; 0; 0; 0; 0; 0; 0; 0; 0; 0; 0; 0; 0; 0; 0; 0; 0; 0; 0; 0; 0; 0; 0; 0; 0; 0; 0; 0; 0; 0; 0; 0; 0; 0; 0; 0; 0; 0; 0; 0; 0; 0; 0; 0; 0; 0; 0; 0; 0; 0; 0; 0; 0; 0; 0; 0; 0; 0; 0; 0; 0; 0; 0; 0; 0; 0; 0; 0; 0; 0; 0; 0; 0; 0; 0; 0; 0; 0; 0; 0; 0; 0; 0; 0; 0; 0; 0; 0; 0; 0; 0; 0; 0; 0; 0; 0; 0; 0; 0; 0; 0; 0; 0; 0; 0; 0; 0; 0; 0; 0; 0; 0; 0; 0; 0; 0; 0; 0; 0; 0; 0; 0; 0; 0; 0; 0; 0; 0; 0; 0; 0; 0; 0; 0; 0; 0; 0; 0; 0; 0; 0; 0; 0; 0; 0; 0; 0; 0; 0; 0; 0; 0; 0; 0; 0; 0; 0; 0; 0; 0; 0; 0; 0; 0; 0; 0; 0; 0; 0; 0; 0; 0; 0; 0; 0; 0; 0; 0; 0; 0; 0; 0; 0; 0; 0; 0; 0; 0; 0; 0; 0; 0; 0; 0; 0; 0; 0; 0; 0; 0; 0; 0; 0; 0; 0; 0; 0; 0; 0; 0; 0; 0; 0; 0; 0; 0; 0; 0; 0; 0; 0; 0; 0; 0; 0; 0; 0; 0; 0; 0; 0; 0; 0; 0; 0; 0; 0; 0; 0; 0; 0; 0; 0; 0; 0; 0; 0; 0; 0; 0; 0; 0; 0; 0; 0; 0; 0; 0; 0; 0; 0; 0; 0; 0; 0; 0; 0; 0; 0; 0; 0; 0; 0; 0; 0; 0; 0; 0; 0; 0; 0; 0; 0; 0; 0; 0; 0; 0; 0; 0; 0; 0; 0; 0; 0; 0; 0; 0; 0; 0; 0; 0; 0; 0; 0; 0; 0; 0; 0; 0; 0; 0; 0; 0; 0; 0; 0; 0; 0; 0; 0; 0; 0; 0; 0; 0; 0; 0; 0; 0; 0; 0; 0; 0; 0; 0; 0; 0; 0; 0; 0; 0; 0; 0; 0; 0; 0; 0; 0; 0; 0; 0; 0; 0; 0; 0; 0; 0; 0; 0; 0; 0; 0; 0; 0; 0; 0; 0; 0; 0; 0; 0; 0; 0; 0; 0; 0; 0; 0; 0; 0; 0; 0; 0; 0; 0; 0; 0; 0; 0; 0; 0; 0; 0; 0; 0; 0; 0; 0; 0; 0; 0; 0; 0; 0; 0; 0; 0; 0; 0; 0; 0; 0; 0; 0; 0; 0; 0; 0; 0; 0; 0; 0; 0; 0; 0; 0; 0; 0; 0; 0; 0; 0; 0; 0; 0; 0; 0; 0; 0; 0; 0; 0; 0; 0; 0; 0; 0; 0; 0; 0; 0; 0; 0; 0; 0; 0; 0; 0; 0; 0; 0; 0; 0; 0; 0; 0; 0; 0; 0; 0; 0; 0; 0; 0; 0; 0; 0; 0; 0; 0; 0; 0; 0; 0; 0; 0; 0; 0; 0; 0; 0; 0; 0; 0; 0; 0; 0; 0; 0; 0; 0; 0; 0; 0; 0; 0; 0; 0; 0; 0; 0; 0; 0; 0; 0; 0; 0; 0; 0; 0; 0; 0; 0; 0; 0; 0; 0; 0; 0; 0; 0; 0; 0; 0; 0; 0; 0; 0; 0; 0; 0; 0; 0; 0; 0; 0; 0; 0; 0; 0; 0; 0; 0; 0; 0; 0; 0; 0; 0; 0; 0; 0; 0; 0; 0; 0; 0; 0; 0; 0; 0; 0; 0; 0; 0; 0; 0; 0; 0; 0; 0; 0; 0; 0; 0; 0; 0; 0; 0; 0; 0; 0; 0; 0; 0; 0; 0; 0; 0; 0; 0; 0; 0; 0; 0; 0; 0; 0; 0; 0; 0; 0; 0; 0; 0; 0; 0; 0; 0; 0; 0; 0; 0; 0; 0; 0; 0; 0; 0; 0; 0; 0; 0; 0; 0; 0; 0; 0; 0; 0; 0; 0; 0; 0; 0; 0; 0; 0; 0; 0; 0; 0; 0; 0; 0; 0; 0; 0; 0; 0; 0; 0; 0; 0; 0; 0; 0; 0; 0; 0; 0; 0; 0; 0; 0; 0; 0; 0; 0; 0; 0; 0; 0; 0; 0; 0; 0; 0; 0; 0; 0; 0; 0; 0; 0; 0; 0; 0; 0; 0; 0; 0; 0; 0; 0; 0; 0; 0; 0; 0; 0; 0; 0; 0; 0; 0; 0; 0; 0; 0; 0; 0; 0; 0; 0; 0; 0; 0; 0; 0; 0; 0; 0; 0; 0; 0; 0; 0], [0; 0; 0; 0; 0; 0; 0; 0; 0; 0; 0; 0; 0; 0; 0; 0; 0; 0; 0; 0; 0; 0; 0; 0; 0; 0; 0; 0; 0; 0; 0; 0; 0; 0; 0; 0; 0; 0; 0; 0; 0; 0; 0; 0; 0; 0; 0; 0; 0; 0; 0; 0; 0; 0; 0; 0; 0; 0; 0; 0; 0; 0; 0; 0; 0; 0; 0; 0; 0; 0; 0; 0; 0; 0; 0; 0; 0; 0; 0; 0; 0; 0; 0; 0; 0; 0; 0; 0; 0; 0; 0; 0; 0; 0; 0; 0; 0; 0; 0; 0; 0; 0; 0; 0; 0; 0; 0; 0; 0; 0; 0; 0; 0; 0; 0; 0; 0; 0; 0; 0; 0; 0; 0; 0; 0; 0; 0; 0; 0; 0; 0; 0; 0; 0; 0; 0; 0; 0; 0; 0; 0; 0; 0; 0; 0; 0; 0; 0; 0; 0; 0; 0; 0; 0; 0; 0; 0; 0; 0; 0; 0; 0; 0; 0; 0; 0; 0; 0; 0; 0; 0; 0; 0; 0; 0; 0; 0; 0; 0; 0; 0; 0; 0; 0; 0; 0; 0; 0; 0; 0; 0; 0; 0; 0; 0; 0; 0; 0; 0; 0; 0; 0; 0; 0; 0; 0; 0; 0; 0; 0; 0; 0; 0; 0; 0; 0; 0; 0; 0; 0; 0; 0; 0; 0; 0; 0; 0; 0; 0; 0; 0; 0; 0; 0; 0; 0; 0; 0; 0; 0; 0; 0; 0; 0; 0; 0; 0; 0; 0; 0; 0; 0; 0; 0; 0; 0; 0; 0; 0; 0; 0; 0; 0; 0; 0; 0; 0; 0; 0; 0; 0; 0; 0; 0; 0; 0; 0; 0; 0; 0; 0; 0; 0; 0; 0; 0; 0; 0; 0; 0; 0; 0; 0; 0; 0; 0; 0; 0; 0; 0; 0; 0; 0; 0; 0; 0; 0; 0; 0; 0; 0; 0; 0; 0; 0; 0; 0; 0; 0; 0; 0; 0; 0; 0; 0; 0; 0; 0; 0; 0; 0; 0; 0; 0; 0; 0; 0; 0; 0; 0; 0; 0; 0; 0; 0; 0; 0; 0; 0; 0; 0; 0; 0; 0; 0; 0; 0; 0; 0; 0; 0; 0; 0; 0; 0; 0; 0; 0; 0; 0; 0; 0; 0; 0; 0; 0; 0; 0; 0; 0; 0; 0; 0; 0; 0; 0; 0; 0; 0; 0; 0; 0; 0; 0; 0; 0; 0; 0; 0; 0; 0; 0; 0; 0; 0; 0; 0; 0; 0; 0; 0; 0; 0; 0; 0; 0; 0; 0; 0; 0; 0; 0; 0; 0; 0; 0; 0; 0; 0; 0; 0; 0; 0; 0; 0; 0; 0; 0; 0; 0; 0; 0; 0; 0; 0; 0; 0; 0; 0; 0; 0; 0; 0; 0; 0; 0; 0; 0; 0; 0; 0; 0; 0; 0; 0; 0; 0; 0; 0; 0; 0; 0; 0; 0; 0; 0; 0; 0; 0; 0; 0; 0; 0; 0; 0; 0; 0; 0; 0; 0; 0; 0; 0; 0; 0; 0; 0; 0; 0; 0; 0; 0; 0; 0; 0; 0; 0; 0; 0; 0; 0; 0; 0; 0; 0; 0; 0; 0; 0; 0; 0; 0; 0; 0; 0; 0; 0; 0; 0; 0; 0; 0; 0; 0; 0; 0; 0; 0; 0; 0; 0; 0; 0; 0; 0; 0; 0; 0; 0; 0; 0; 0; 0; 0; 0; 0; 0; 0; 0; 0; 0; 0; 0; 0; 0; 0; 0; 0; 0; 0; 0; 0; 0; 0; 0; 0; 0; 0; 0; 0; 0; 0; 0; 0; 0; 0; 0; 0; 0; 0; 0; 0; 0; 0; 0; 0; 0; 0; 0; 0; 0; 0; 0; 0; 0; 0; 0; 0; 0; 0; 0; 0; 0; 0; 0; 0; 0; 0; 0; 0; 0; 0; 0; 0; 0; 0; 0; 0; 0; 0; 0; 0; 0; 0; 0; 0; 0; 0; 0; 0; 0; 0; 0; 0; 0; 0; 0; 0; 0; 0; 0; 0; 0; 0; 0; 0; 0; 0; 0; 0; 0; 0; 0; 0; 0; 0; 0; 0; 0; 0; 0; 0; 0; 0; 0; 0; 0; 0; 0; 0; 0; 0; 0; 0; 0; 0; 0; 0; 0; 0; 0; 0; 0; 0; 0; 0; 0; 0; 0; 0; 0; 0; 0; 0; 0; 0; 0; 0; 0; 0; 0; 0; 0; 0; 0; 0; 0; 0; 0; 0; 0; 0; 0; 0; 0; 0; 0; 0; 0; 0; 0; 0; 0; 0; 0; 0; 0; 0; 0; 0; 0; 0; 0; 0; 0; 0; 0; 0; 0; 0; 0; 0; 0; 0; 0; 0; 0; 0; 0; 0; 0; 0; 0; 0; 0; 0; 0; 0; 0; 0; 0; 0; 0; 0; 0; 0; 0; 0; 0; 0; 0; 0; 0; 0; 0; 0; 0; 0; 0; 0; 0; 0; 0; 0; 0; 0; 0; 0; 0; 0; 0; 0; 0; 0; 0; 0; 0; 0; 0; 0; 0; 0; 0; 0; 0; 0; 0; 0; 0; 0; 0; 0; 0; 0; 0; 0; 0; 0; 0; 0; 0; 0; 0; 0; 0; 0; 0; 0; 0; 0; 0; 0; 0; 0; 0; 0; 0; 0; 0; 0; 0; 0; 0; 0; 0; 0; 0; 0; 0; 0; 0; 0; 0; 0; 0; 0; 0; 0; 0; 0; 0; 0; 0; 0; 0; 0; 0; 0; 0; 0; 0; 0; 0; 0; 0; 0; 0; 0; 0; 0; 0; 0; 0; 0; 0; 0; 0; 0; 0; 0; 0; 0; 0; 0; 0; 0; 0; 0; 0; 0; 0; 0; 0; 0; 0; 0; 0; 0; 0; 0; 0; 0; 0; 0; 0; 0; 0; 0; 0; 0; 0; 0; 0; 0; 0; 0; 0; 0; 0; 0; 0; 0; 0; 0; 0; 0; 0; 0; 0; 0; 0; 0; 0; 0; 0; 0; 0; 0; 0; 0; 0; 0; 0; 0; 0; 0; 0; 0; 0; 0; 0; 0; 0; 0; 0; 0; 0; 0; 0; 0; 0; 0; 0; 0; 0; 0; 0; 0; 0; 0; 0; 0; 0; 0; 0; 0; 0; 0; 0; 1])

--- Failure --------------------------------------------------------------------

Test mod3_should_fail failed (1 shrink steps):

0

--- Failure --------------------------------------------------------------------

Test FAIL_#99_1 failed:

ERROR: uncaught exception in generator for test FAIL_#99_1 after 100 steps:
Exception: QCheck2.No_example_found("<example>")
Backtrace: 

+++ Stats for char code dist ++++++++++++++++++++++++++++++++++++++++++++++++++++++++

stats char code:
  num: 500000, avg: 127.42, stddev: 73.92, median 127, min 0, max 255
    0.. 12: ######################################################        25509
   13.. 25: ######################################################        25398
   26.. 38: ######################################################        25293
   39.. 51: ######################################################        25448
   52.. 64: ######################################################        25392
   65.. 77: #######################################################       25660
   78.. 90: ######################################################        25462
   91..103: ######################################################        25331
  104..116: #####################################################         25129
  117..129: ######################################################        25351
  130..142: ######################################################        25492
  143..155: ######################################################        25370
  156..168: ######################################################        25658
  169..181: ######################################################        25400
  182..194: #####################################################         25167
  195..207: ######################################################        25338
  208..220: #####################################################         25181
  221..233: #####################################################         25145
  234..246: ######################################################        25567
  247..259: #####################################                         17709

+++ Stats for int_stats_neg ++++++++++++++++++++++++++++++++++++++++++++++++++++++++

stats dist:
  num: 5000, avg: 0.17, stddev: 29.68, median 0, min -99, max 99
  -99..-90: #                                                                65
  -89..-80: #                                                                63
  -79..-70: #                                                                64
  -69..-60: #                                                                58
  -59..-50: #                                                                67
  -49..-40: #                                                                72
  -39..-30: #                                                                61
  -29..-20: #                                                                61
  -19..-10: #                                                                67
   -9..  0: #######################################################        2076
    1.. 10: ##############################################                 1764
   11.. 20: #                                                                66
   21.. 30: #                                                                64
   31.. 40: #                                                                64
   41.. 50: #                                                                67
   51.. 60: #                                                                60
   61.. 70: #                                                                75
   71.. 80: #                                                                60
   81.. 90: #                                                                60
   91..100: #                                                                66

+++ Stats for int_stat_display_test_1 ++++++++++++++++++++++++++++++++++++++++++++++++++++++++

stats dist:
  num: 1000, avg: 0.90, stddev: 28.23, median 0, min -99, max 99
  -99..-90: #                                                                12
  -89..-80: #                                                                11
  -79..-70: #                                                                 9
  -69..-60:                                                                   6
  -59..-50: #                                                                11
  -49..-40: #                                                                13
  -39..-30: #                                                                 9
  -29..-20: #                                                                13
  -19..-10:                                                                   8
   -9..  0: #######################################################         453
    1.. 10: #########################################                       340
   11.. 20: #                                                                15
   21.. 30: #                                                                11
   31.. 40: #                                                                12
   41.. 50: #                                                                13
   51.. 60: #                                                                13
   61.. 70: #                                                                16
   71.. 80: #                                                                 9
   81.. 90: #                                                                16
   91..100: #                                                                10

+++ Stats for int_stat_display_test_2 ++++++++++++++++++++++++++++++++++++++++++++++++++++++++

stats dist:
  num: 1000, avg: 15.11, stddev: 23.27, median 6, min 0, max 99
    0..  4: ####################################################            377
    5..  9: #######################################################         392
   10.. 14: ##                                                               20
   15.. 19: ##                                                               15
   20.. 24: #                                                                11
   25.. 29: ##                                                               17
   30.. 34: ##                                                               19
   35.. 39: ##                                                               17
   40.. 44: #                                                                10
   45.. 49: #                                                                 9
   50.. 54: #                                                                 8
   55.. 59: #                                                                 9
   60.. 64: ##                                                               15
   65.. 69: #                                                                10
   70.. 74: #                                                                13
   75.. 79: ##                                                               19
   80.. 84: #                                                                11
   85.. 89: #                                                                13
   90.. 94:                                                                   5
   95.. 99: #                                                                10

+++ Stats for int_stat_display_test_3 ++++++++++++++++++++++++++++++++++++++++++++++++++++++++

stats dist:
  num: 1000, avg: 195335.64, stddev: 136803.99, median 195583, min -43624, max 435210
  -43624..-19683: ############################################                     52
  -19682..  4259: ########################################                         47
    4260.. 28201: ##############################                                   36
   28202.. 52143: ############################################                     52
   52144.. 76085: ##########################################                       50
   76086..100027: #######################################################          64
  100028..123969: ###############################################                  55
  123970..147911: ########################################                         47
  147912..171853: ##############################################                   54
  171854..195795: ####################################                             43
  195796..219737: ##############################################                   54
  219738..243679: ###########################################                      51
  243680..267621: ################################################                 57
  267622..291563: ##########################################                       49
  291564..315505: ####################################                             42
  315506..339447: ######################################                           45
  339448..363389: ################################################                 57
  363390..387331: ######################################                           45
  387332..411273: ##########################################                       49
  411274..435215: ###########################################                      51

+++ Stats for int_stat_display_test_4 ++++++++++++++++++++++++++++++++++++++++++++++++++++++++

stats dist:
  num: 1000, avg: -173.78, stddev: 23042.92, median 180, min -39859, max 39942
  -39859..-35869: #############################################                    56
  -35868..-31878: ###################################                              43
  -31877..-27887: #################################################                60
  -27886..-23896: #####################################                            46
  -23895..-19905: ########################################                         49
  -19904..-15914: ####################################                             45
  -15913..-11923: ############################################                     54
  -11922.. -7932: ###############################################                  58
   -7931.. -3941: #########################################                        51
   -3940..    50: ############################                                     35
      51..  4041: #######################################                          48
    4042..  8032: ##########################################                       52
    8033.. 12023: #########################################                        51
   12024.. 16014: ###########################################                      53
   16015.. 20005: ############################################                     54
   20006.. 23996: ##################################                               42
   23997.. 27987: #######################################################          67
   27988.. 31978: ################################                                 40
   31979.. 35969: #########################################                        51
   35970.. 39960: ####################################                             45

+++ Stats for int_stat_display_test_5 ++++++++++++++++++++++++++++++++++++++++++++++++++++++++

stats dist:
  num: 1000, avg: 0.02, stddev: 2.55, median 0, min -4, max 4
  -4: ############################################                     99
  -3: #####################################################           118
  -2: ##################################################              111
  -1: ##################################################              113
   0: ##################################################              113
   1: #####################################################           118
   2: #############################################                   102
   3: #######################################################         122
   4: ##############################################                  104

+++ Stats for int_stat_display_test_6 ++++++++++++++++++++++++++++++++++++++++++++++++++++++++

stats dist:
  num: 1000, avg: 6.67, stddev: 6.39, median 7, min -4, max 17
  -4..-3: #############################################                    90
  -2..-1: #############################################                    91
   0.. 1: ##########################################                       84
   2.. 3: ##############################################                   92
   4.. 5: ###########################################                      87
   6.. 7: ###########################################                      86
   8.. 9: ############################################                     89
  10..11: ###########################################                      87
  12..13: #######################################################         110
  14..15: #############################################                    91
  16..17: ##############################################                   93
  18..19:                                                                   0
  20..21:                                                                   0
  22..23:                                                                   0
  24..25:                                                                   0
  26..27:                                                                   0
  28..29:                                                                   0
  30..31:                                                                   0
  32..33:                                                                   0
  34..35:                                                                   0

+++ Stats for int_stat_display_test_7 ++++++++++++++++++++++++++++++++++++++++++++++++++++++++

stats dist:
  num: 100000, avg: 6126662802445055.00, stddev: 2661484817981980672.00, median 158655556399988, min -4611578348806740501, max 4611677827646819817
  -4611578348806740501..-4150415539984062486: ####################################################           4926
  -4150415539984062485..-3689252731161384470: ####################################################           4949
  -3689252731161384469..-3228089922338706454: #####################################################          4957
  -3228089922338706453..-2766927113516028438: #####################################################          4993
  -2766927113516028437..-2305764304693350422: ######################################################         5043
  -2305764304693350421..-1844601495870672406: #####################################################          5040
  -1844601495870672405..-1383438687047994390: #####################################################          4974
  -1383438687047994389.. -922275878225316374: #####################################################          5031
   -922275878225316373.. -461113069402638358: #######################################################        5136
   -461113069402638357..      49739420039658: #####################################################          4950
        49739420039659..  461212548242717674: ######################################################         5076
    461212548242717675..  922375357065395690: ####################################################           4933
    922375357065395691.. 1383538165888073706: #####################################################          4970
   1383538165888073707.. 1844700974710751722: ####################################################           4922
   1844700974710751723.. 2305863783533429738: ######################################################         5087
   2305863783533429739.. 2767026592356107754: ####################################################           4913
   2767026592356107755.. 3228189401178785770: #####################################################          4960
   3228189401178785771.. 3689352210001463786: #####################################################          5029
   3689352210001463787.. 4150515018824141802: ######################################################         5048
   4150515018824141803.. 4611677827646819818: ######################################################         5063

+++ Stats for int_stat_display_test_8 ++++++++++++++++++++++++++++++++++++++++++++++++++++++++

stats dist:
  num: 1000, avg: 4611686018427388.00, stddev: 2905870896563567616.00, median 0, min -4611686018427387904, max 4611686018427387903
  -4611686018427387904..-4150517416584649089: ##################                                              208
  -4150517416584649088..-3689348814741910273:                                                                   0
  -3689348814741910272..-3228180212899171457:                                                                   0
  -3228180212899171456..-2767011611056432641:                                                                   0
  -2767011611056432640..-2305843009213693825:                                                                   0
  -2305843009213693824..-1844674407370955009:                                                                   0
  -1844674407370955008..-1383505805528216193:                                                                   0
  -1383505805528216192.. -922337203685477377:                                                                   0
   -922337203685477376.. -461168601842738561:                                                                   0
   -461168601842738560..                 255: #######################################################         603
                   256..  461168601842739071:                                                                   0
    461168601842739072..  922337203685477887:                                                                   0
    922337203685477888.. 1383505805528216703:                                                                   0
   1383505805528216704.. 1844674407370955519:                                                                   0
   1844674407370955520.. 2305843009213694335:                                                                   0
   2305843009213694336.. 2767011611056433151:                                                                   0
   2767011611056433152.. 3228180212899171967:                                                                   0
   3228180212899171968.. 3689348814741910783:                                                                   0
   3689348814741910784.. 4150517416584649599:                                                                   0
   4150517416584649600.. 4611686018427387903: #################                                               189
  -4611686018427387392..-4150517416584648577:                                                                   0
================================================================================
1 warning(s)
failure (12 tests failed, 1 tests errored, ran 29 tests)
random seed: 153870556

+++ Stats for int_stat_display_test9 ++++++++++++++++++++++++++++++++++++++++++++++++++++++++

stats dist:
  num: 1000, avg: -10119269408092442.00, stddev: 1871251663919905536.00, median 9, min -4576142151952919207, max 4611686018427387903
  -4576142151952919207..-4116750743433903848: ##                                                               25
  -4116750743433903847..-3657359334914888488: ##                                                               23
  -3657359334914888487..-3197967926395873128: ###                                                              30
  -3197967926395873127..-2738576517876857768: ##                                                               24
  -2738576517876857767..-2279185109357842408: ##                                                               28
  -2279185109357842407..-1819793700838827048: ##                                                               21
  -1819793700838827047..-1360402292319811688: #                                                                19
  -1360402292319811687.. -901010883800796328: ##                                                               27
   -901010883800796327.. -441619475281780968: ##                                                               27
   -441619475281780967..   17771933237234392: #######################################################         540
     17771933237234393..  477163341756249752: ##                                                               21
    477163341756249753..  936554750275265112: #                                                                19
    936554750275265113.. 1395946158794280472: ##                                                               24
   1395946158794280473.. 1855337567313295832: ##                                                               27
   1855337567313295833.. 2314728975832311192: ##                                                               21
   2314728975832311193.. 2774120384351326552: ##                                                               23
   2774120384351326553.. 3233511792870341912: ###                                                              36
   3233511792870341913.. 3692903201389357272: #                                                                17
   3692903201389357273.. 4152294609908372632: ##                                                               21
   4152294609908372633.. 4611686018427387903: ##                                                               27
  -4611686018427387815..-4152294609908372456:                                                                   0
================================================================================
success (ran 1 tests)
